]0;~/Desktop/Senior Honors Thesis/code[?1034hliutianyideMacBook-Pro-2:code gr8lawrence$ git remote add origin https://github.com/gr8lawrence /seniorHT
]0;~/Desktop/Senior Honors Thesis/codeliutianyideMacBook-Pro-2:code gr8lawrence$ git push -u origin master
remote: Invalid username or password.
fatal: Authentication failed for 'https://github.com/gr8lawrence/seniorHT/'
]0;~/Desktop/Senior Honors Thesis/codeliutianyideMacBook-Pro-2:code gr8lawrence$ git init push -u origin masterremote add origin https://github.com/gr8lawrence//seniorHT[K[K[KrHT[A[C[C[C[C[C[C[C[C[C[C[C[C[C[C[C[C[C[C[C[C[C[C[C[C[C[C[C[C[C[C[C[C[C[C[C[C[C[C[C[C[C[C[C[C[C[C[C[C[C[C[C[C[C[C[C[C[C[C[C[C[C[C[C[C[C[C[C[C[C[C[C[C[C[C[C[C[C[C[C[C[C[C[C[C[C[C[C[C[C[C[C[C[C[C[C https://github.com/gr8lawrence/s[1PeniorHT[A[C[C[C[C[C[C[C[C[C[C[C[C[C[C[C[C[C[C[C[C[C[C[C[C[C[C[C[C[C[C[C[C[C[C[C[C[C[C[C[C[C[C[C[C[C[C[C[C[C[C[C[C[C[C[C https://github.com/gr8lawrence/se[1PniorHT[A[C[C[C[C[C[C[C[C[C[C[C[C[C[C[C[C[C[C[C[C[C[C[C[C[C[C[C[C[C[C[C[C[C[C[C[C[C[C[C[C[C[C[C[C[C[C[C[C[C[C[C[C[C[C[C https://github.com/gr8lawrence/sen[1PiorHT[A[C[C[C[C[C[C[C[C[C[C[C[C[C[C[C[C[C[C[C[C[C[C[C[C[C[C[C[C[C[C[C[C[C[C[C[C[C[C[C[C[C[C[C[C[C[C[C[C[C[C[C[C[C[C[C https://github.com/gr8lawrence/seni[1PorHT[A[C[C[C[C[C[C[C[C[C[C[C[C[C[C[C[C[C[C[C[C[C[C[C[C[C[C[C[C[C[C[C[C[C[C[C[C[C[C[C[C[C[C[C[C[C[C[C[C[C[C[C[C[C[C[C https://github.com/gr8lawrence/senio[1PrHT[A[C[C[C[C[C[C[C[C[C[C[C[C[C[C[C[C[C[C[C[C[C[C[C[C[C[C[C[C[C[C[C[C[C[C[C[C[C[C[C[C[C[C[C[C[C[C[C[C[C[C[C[C[C[C[C https://github.com/gr8lawrence/senior[1PHT[A[C[C[C[C[C[C[C[C[C[C[C[C[C[C[C[C[C[C[C[C[C[C[C[C[C[C[C[C[C[C[C[C[C[C[C[C[C[C[C[C[C[C[C[C[C[C[C[C[C[C[C[C[C[C[Chttps://github.com/gr8lawrence/seniorH[1PT[A[C[C[C[C[C[C[C[C[C[C[C[C[C[C[C[C[C[C[C[C[C[C[C[C[C[C[C[C[C[C[C[C[C[C[C[C[C[C[C[C[C[C[C[C[C[C[C[C[C[C[C[C[C[C[C https://github.com/gr8lawrence/seniorHT[K[A[C[C[C[C[C[C[C[C[C[C[C[C[C[C[C[C[C[C[C[C[C[C[C[C[C[C[C[C[C[C[C[C[C[C[C[C[C[C[C[C[C[C[C[C[C[C[C[C[C[C[C[C[C[C[C https://github.com/gr8lawrence/seniorHT [K[A[C[C[C[C[C[C[C[C[C[C[C[C[C[C[C[C[C[C[C[C[C[C[C[C[C[C[C[C[C[C[C[C[C[C[C[C[C[C[C[C[C[C[C[C[C[C[C[C[C[C[C[C[C[C[C[1P https://github.com/gr8lawrence/seniorHT
[K[A[C[C[C[C[C[C[C[C[C[C[C[C[C[C[C[C[C[C[C[C[C[C[C[C[C[C[C[C[C[C[C[C[C[C[C[C[C[C[C[C[C[C[C[C[C[C[C[C[C[C[C[C[C[C[1Phttps://github.com/gr8lawrence/seniorHT[1P https://github.com/gr8lawrence/seniorHT[1P https://github.com/gr8lawrence/seniorHT[1P https://github.com/gr8lawrence/seniorHT[1P https://github.com/gr8lawrence/seniorHT[1P https://github.com/gr8lawrence/seniorHT[1P https://github.com/gr8lawrence/seniorHTi https://github.com/gr8lawrence/seniorHTn https://github.com/gr8lawrence/seniorHTi https://github.com/gr8lawrence/seniorHTt https://github.com/gr8lawrence/seniorHT[C https://github.com/gr8lawrence/seniorHT
Initialized empty Git repository in /Users/gr8lawrence/Desktop/Senior Honors Thesis/code/https:/github.com/gr8lawrence/seniorHT/.git/
]0;~/Desktop/Senior Honors Thesis/codeliutianyideMacBook-Pro-2:code gr8lawrence$ cd
]0;~liutianyideMacBook-Pro-2:~ gr8lawrence$ cd ./US[Ks[K[K[K[KUs[K[K/Desktop/Senior Honors Thesis/code
bash: cd: /Desktop/Senior: No such file or directory
]0;~liutianyideMacBook-Pro-2:~ gr8lawrence$ cd /Desktop/Senior Honors Thesis/code[C[C[1@ [1@U[1@s[1@e[1@r[C[1P
bash: cd: User/Desktop/Senior: No such file or directory
]0;~liutianyideMacBook-Pro-2:~ gr8lawrence$ cd User/Desktop/Senior Honors Thesis/code[1P[1P[1P[1P[1P[1@/[1P[1@/[1P[1@.[1@/
bash: cd: ./Desktop/Senior: No such file or directory
]0;~liutianyideMacBook-Pro-2:~ gr8lawrence$ cd ./Desktop/Senior Honors Thesis/code[K[K[K[K[K[K[K[K[K[K[K[K[K[K[K[K[K[K[K[K[K[K[K[K[K
]0;~/DesktopliutianyideMacBook-Pro-2:Desktop gr8lawrence$ cd. [K[K /.Senior[K[K[K[K[K[K[K[K./Senior Honors Thesis
bash: cd: ./Senior: No such file or directory
]0;~/DesktopliutianyideMacBook-Pro-2:Desktop gr8lawrence$ cd ./Senior Honors Thesis[C[C[C[C[C[C[C[C[C[C[C[C[C[C[K[K[K[K[K[K[K[K[K[K[K[K[K[K[K[K[K[K[K[K[K
./             .DS_Store      .Rhistory      .gitignore     
../            .Rapp.history  .git/          .localized     
liutianyideMacBook-Pro-2:Desktop gr8lawrence$ cd .
./             .DS_Store      .Rhistory      .gitignore     
../            .Rapp.history  .git/          .localized     
liutianyideMacBook-Pro-2:Desktop gr8lawrence$ cd ./Senior\ Honors\ Thesis/code
]0;~/Desktop/Senior Honors Thesis/codeliutianyideMacBook-Pro-2:code gr8lawrence$ clear
[3J[H[2J]0;~/Desktop/Senior Honors Thesis/codeliutianyideMacBook-Pro-2:code gr8lawrence$ git init
Initialized empty Git repository in /Users/gr8lawrence/Desktop/Senior Honors Thesis/code/.git/
]0;~/Desktop/Senior Honors Thesis/codeliutianyideMacBook-Pro-2:code gr8lawrence$ git remote add origin https://github.com/gr8lawrence /seniorHT
]0;~/Desktop/Senior Honors Thesis/codeliutianyideMacBook-Pro-2:code gr8lawrence$ git remote -v
origin	https://github.com/gr8lawrence/seniorHT (fetch)
origin	https://github.com/gr8lawrence/seniorHT (push)
]0;~/Desktop/Senior Honors Thesis/codeliutianyideMacBook-Pro-2:code gr8lawrence$ git push -u origin master
error: src refspec master does not match any.
error: failed to push some refs to 'https://github.com/gr8lawrence/seniorHT'
]0;~/Desktop/Senior Honors Thesis/codeliutianyideMacBook-Pro-2:code gr8lawrence$ git push -u origin master
error: src refspec master does not match any.
error: failed to push some refs to 'https://github.com/gr8lawrence/seniorHT'
]0;~/Desktop/Senior Honors Thesis/codeliutianyideMacBook-Pro-2:code gr8lawrence$ got[K[Kit commit -,[Km "Initial Commit"
On branch master

Initial commit

Untracked files:
	[31m.Rhistory[m
	[31m.Rproj.user/[m
	[31mcode.Rproj[m
	[31mdata_processing.R[m
	[31mheterogeneity_comparison.Rmd[m
	[31mheterogeneity_comparison.html[m

nothing added to commit but untracked files present
]0;~/Desktop/Senior Honors Thesis/codeliutianyideMacBook-Pro-2:code gr8lawrence$ git commit . -m initial[K[K[K[K[K[K[K"initial commit"
error: pathspec '.' did not match any file(s) known to git.
]0;~/Desktop/Senior Honors Thesis/codeliutianyideMacBook-Pro-2:code gr8lawrence$ git commit . -m "initial commit"[C[1P[C[C[C[C[C[C[C[C[C[C[C[C[C[C[C[C[C[C[C[C[K[K[K[K[K[K[K[K[K[K[K[K[K[K[K[K[K[K[K[K[K[K[K[K[K[K[K[K[K[K[Kgit add .