]0;~/Desktop/Senior Honors Thesis/code[?1034hliutianyideMacBook-Pro-2:code gr8lawrence$ git remote add origin https://github.com/gr8lawrence /seniorHT
]0;~/Desktop/Senior Honors Thesis/codeliutianyideMacBook-Pro-2:code gr8lawrence$ git push -u origin master
remote: Invalid username or password.
fatal: Authentication failed for 'https://github.com/gr8lawrence/seniorHT/'
]0;~/Desktop/Senior Honors Thesis/codeliutianyideMacBook-Pro-2:code gr8lawrence$ git init push -u origin masterremote add origin https://github.com/gr8lawrence//seniorHT[K[K[KrHT[A[C[C[C[C[C[C[C[C[C[C[C[C[C[C[C[C[C[C[C[C[C[C[C[C[C[C[C[C[C[C[C[C[C[C[C[C[C[C[C[C[C[C[C[C[C[C[C[C[C[C[C[C[C[C[C[C[C[C[C[C[C[C[C[C[C[C[C[C[C[C[C[C[C[C[C[C[C[C[C[C[C[C[C[C[C[C[C[C[C[C[C[C[C[C[C https://github.com/gr8lawrence/s[1PeniorHT[A[C[C[C[C[C[C[C[C[C[C[C[C[C[C[C[C[C[C[C[C[C[C[C[C[C[C[C[C[C[C[C[C[C[C[C[C[C[C[C[C[C[C[C[C[C[C[C[C[C[C[C[C[C[C[C https://github.com/gr8lawrence/se[1PniorHT[A[C[C[C[C[C[C[C[C[C[C[C[C[C[C[C[C[C[C[C[C[C[C[C[C[C[C[C[C[C[C[C[C[C[C[C[C[C[C[C[C[C[C[C[C[C[C[C[C[C[C[C[C[C[C[C https://github.com/gr8lawrence/sen[1PiorHT[A[C[C[C[C[C[C[C[C[C[C[C[C[C[C[C[C[C[C[C[C[C[C[C[C[C[C[C[C[C[C[C[C[C[C[C[C[C[C[C[C[C[C[C[C[C[C[C[C[C[C[C[C[C[C[C https://github.com/gr8lawrence/seni[1PorHT[A[C[C[C[C[C[C[C[C[C[C[C[C[C[C[C[C[C[C[C[C[C[C[C[C[C[C[C[C[C[C[C[C[C[C[C[C[C[C[C[C[C[C[C[C[C[C[C[C[C[C[C[C[C[C[C https://github.com/gr8lawrence/senio[1PrHT[A[C[C[C[C[C[C[C[C[C[C[C[C[C[C[C[C[C[C[C[C[C[C[C[C[C[C[C[C[C[C[C[C[C[C[C[C[C[C[C[C[C[C[C[C[C[C[C[C[C[C[C[C[C[C[C https://github.com/gr8lawrence/senior[1PHT[A[C[C[C[C[C[C[C[C[C[C[C[C[C[C[C[C[C[C[C[C[C[C[C[C[C[C[C[C[C[C[C[C[C[C[C[C[C[C[C[C[C[C[C[C[C[C[C[C[C[C[C[C[C[C[Chttps://github.com/gr8lawrence/seniorH[1PT[A[C[C[C[C[C[C[C[C[C[C[C[C[C[C[C[C[C[C[C[C[C[C[C[C[C[C[C[C[C[C[C[C[C[C[C[C[C[C[C[C[C[C[C[C[C[C[C[C[C[C[C[C[C[C[C https://github.com/gr8lawrence/seniorHT[K[A[C[C[C[C[C[C[C[C[C[C[C[C[C[C[C[C[C[C[C[C[C[C[C[C[C[C[C[C[C[C[C[C[C[C[C[C[C[C[C[C[C[C[C[C[C[C[C[C[C[C[C[C[C[C[C https://github.com/gr8lawrence/seniorHT [K[A[C[C[C[C[C[C[C[C[C[C[C[C[C[C[C[C[C[C[C[C[C[C[C[C[C[C[C[C[C[C[C[C[C[C[C[C[C[C[C[C[C[C[C[C[C[C[C[C[C[C[C[C[C[C[C[1P https://github.com/gr8lawrence/seniorHT
[K[A[C[C[C[C[C[C[C[C[C[C[C[C[C[C[C[C[C[C[C[C[C[C[C[C[C[C[C[C[C[C[C[C[C[C[C[C[C[C[C[C[C[C[C[C[C[C[C[C[C[C[C[C[C[C[1Phttps://github.com/gr8lawrence/seniorHT[1P https://github.com/gr8lawrence/seniorHT[1P https://github.com/gr8lawrence/seniorHT[1P https://github.com/gr8lawrence/seniorHT[1P https://github.com/gr8lawrence/seniorHT[1P https://github.com/gr8lawrence/seniorHT[1P https://github.com/gr8lawrence/seniorHTi https://github.com/gr8lawrence/seniorHTn https://github.com/gr8lawrence/seniorHTi https://github.com/gr8lawrence/seniorHTt https://github.com/gr8lawrence/seniorHT[C https://github.com/gr8lawrence/seniorHT
Initialized empty Git repository in /Users/gr8lawrence/Desktop/Senior Honors Thesis/code/https:/github.com/gr8lawrence/seniorHT/.git/
]0;~/Desktop/Senior Honors Thesis/codeliutianyideMacBook-Pro-2:code gr8lawrence$ cd
]0;~liutianyideMacBook-Pro-2:~ gr8lawrence$ cd ./US[Ks[K[K[K[KUs[K[K/Desktop/Senior Honors Thesis/code
bash: cd: /Desktop/Senior: No such file or directory
]0;~liutianyideMacBook-Pro-2:~ gr8lawrence$ cd /Desktop/Senior Honors Thesis/code[C[C[1@ [1@U[1@s[1@e[1@r[C[1P
bash: cd: User/Desktop/Senior: No such file or directory
]0;~liutianyideMacBook-Pro-2:~ gr8lawrence$ cd User/Desktop/Senior Honors Thesis/code[1P[1P[1P[1P[1P[1@/[1P[1@/[1P[1@.[1@/
bash: cd: ./Desktop/Senior: No such file or directory
]0;~liutianyideMacBook-Pro-2:~ gr8lawrence$ cd ./Desktop/Senior Honors Thesis/code[K[K[K[K[K[K[K[K[K[K[K[K[K[K[K[K[K[K[K[K[K[K[K[K[K
]0;~/DesktopliutianyideMacBook-Pro-2:Desktop gr8lawrence$ cd. [K[K /.Senior[K[K[K[K[K[K[K[K./Senior Honors Thesis
bash: cd: ./Senior: No such file or directory
]0;~/DesktopliutianyideMacBook-Pro-2:Desktop gr8lawrence$ cd ./Senior Honors Thesis[C[C[C[C[C[C[C[C[C[C[C[C[C[C[K[K[K[K[K[K[K[K[K[K[K[K[K[K[K[K[K[K[K[K[K
./             .DS_Store      .Rhistory      .gitignore     
../            .Rapp.history  .git/          .localized     
liutianyideMacBook-Pro-2:Desktop gr8lawrence$ cd .
./             .DS_Store      .Rhistory      .gitignore     
../            .Rapp.history  .git/          .localized     
liutianyideMacBook-Pro-2:Desktop gr8lawrence$ cd ./Senior\ Honors\ Thesis/code
]0;~/Desktop/Senior Honors Thesis/codeliutianyideMacBook-Pro-2:code gr8lawrence$ clear
[3J[H[2J]0;~/Desktop/Senior Honors Thesis/codeliutianyideMacBook-Pro-2:code gr8lawrence$ git init
Initialized empty Git repository in /Users/gr8lawrence/Desktop/Senior Honors Thesis/code/.git/
]0;~/Desktop/Senior Honors Thesis/codeliutianyideMacBook-Pro-2:code gr8lawrence$ git remote add origin https://github.com/gr8lawrence /seniorHT
]0;~/Desktop/Senior Honors Thesis/codeliutianyideMacBook-Pro-2:code gr8lawrence$ git remote -v
origin	https://github.com/gr8lawrence/seniorHT (fetch)
origin	https://github.com/gr8lawrence/seniorHT (push)
]0;~/Desktop/Senior Honors Thesis/codeliutianyideMacBook-Pro-2:code gr8lawrence$ git push -u origin master
error: src refspec master does not match any.
error: failed to push some refs to 'https://github.com/gr8lawrence/seniorHT'
]0;~/Desktop/Senior Honors Thesis/codeliutianyideMacBook-Pro-2:code gr8lawrence$ git push -u origin master
error: src refspec master does not match any.
error: failed to push some refs to 'https://github.com/gr8lawrence/seniorHT'
]0;~/Desktop/Senior Honors Thesis/codeliutianyideMacBook-Pro-2:code gr8lawrence$ got[K[Kit commit -,[Km "Initial Commit"
On branch master

Initial commit

Untracked files:
	[31m.Rhistory[m
	[31m.Rproj.user/[m
	[31mcode.Rproj[m
	[31mdata_processing.R[m
	[31mheterogeneity_comparison.Rmd[m
	[31mheterogeneity_comparison.html[m

nothing added to commit but untracked files present
]0;~/Desktop/Senior Honors Thesis/codeliutianyideMacBook-Pro-2:code gr8lawrence$ git commit . -m initial[K[K[K[K[K[K[K"initial commit"
error: pathspec '.' did not match any file(s) known to git.
]0;~/Desktop/Senior Honors Thesis/codeliutianyideMacBook-Pro-2:code gr8lawrence$ git commit . -m "initial commit"[C[1P[C[C[C[C[C[C[C[C[C[C[C[C[C[C[C[C[C[C[C[C[K[K[K[K[K[K[K[K[K[K[K[K[K[K[K[K[K[K[K[K[K[K[K[K[K[K[K[K[K[K[Kgit add .
]0;~/Desktop/Senior Honors Thesis/codeliutianyideMacBook-Pro-2:code gr8lawrence$ git commit -m "initial commit"
[master (root-commit) 05a591c] initial commit
 67 files changed, 3302 insertions(+)
 create mode 100644 .Rhistory
 create mode 100644 .Rproj.user/B3A5CC39/build_options
 create mode 100644 .Rproj.user/B3A5CC39/console06/A7F28004
 create mode 100644 .Rproj.user/B3A5CC39/console06/A7F28004.env
 create mode 100644 .Rproj.user/B3A5CC39/console06/INDEX001
 create mode 100644 .Rproj.user/B3A5CC39/ctx/ctx-29974/console_actions
 create mode 100644 .Rproj.user/B3A5CC39/ctx/ctx-29974/history
 create mode 100644 .Rproj.user/B3A5CC39/ctx/ctx-29974/settings
 create mode 100644 .Rproj.user/B3A5CC39/pcs/debug-breakpoints.pper
 create mode 100644 .Rproj.user/B3A5CC39/pcs/files-pane.pper
 create mode 100644 .Rproj.user/B3A5CC39/pcs/source-pane.pper
 create mode 100644 .Rproj.user/B3A5CC39/pcs/windowlayoutstate.pper
 create mode 100644 .Rproj.user/B3A5CC39/pcs/workbench-pane.pper
 create mode 100644 .Rproj.user/B3A5CC39/persistent-state
 create mode 100644 .Rproj.user/B3A5CC39/rmd-outputs
 create mode 100644 .Rproj.user/B3A5CC39/saved_source_markers
 create mode 100644 .Rproj.user/B3A5CC39/sources/per/t/23C6554
 create mode 100644 .Rproj.user/B3A5CC39/sources/per/t/23C6554-contents
 create mode 100644 .Rproj.user/B3A5CC39/sources/prop/1988441B
 create mode 100644 .Rproj.user/B3A5CC39/sources/prop/B081C2B9
 create mode 100644 .Rproj.user/B3A5CC39/sources/prop/INDEX
 create mode 100644 .Rproj.user/B3A5CC39/sources/s-511DE777/49238EF-contents
 create mode 100644 .Rproj.user/B3A5CC39/sources/s-511DE777/6D5F9EB4-contents
 create mode 100644 .Rproj.user/B3A5CC39/sources/s-511DE777/83FF850B-contents
 create mode 100644 .Rproj.user/B3A5CC39/sources/s-511DE777/91D2A883-contents
 create mode 100644 .Rproj.user/B3A5CC39/sources/s-511DE777/EF0B4876
 create mode 100644 .Rproj.user/B3A5CC39/sources/s-511DE777/EF0B4876-contents
 create mode 100644 .Rproj.user/B3A5CC39/sources/s-511DE777/F4350439
 create mode 100644 .Rproj.user/B3A5CC39/sources/s-511DE777/F4350439-contents
 create mode 100644 .Rproj.user/B3A5CC39/sources/s-511DE777/lock_file
 create mode 100644 .Rproj.user/B3A5CC39/sources/s-6B6D2952/5B73C6E5
 create mode 100644 .Rproj.user/B3A5CC39/sources/s-6B6D2952/5B73C6E5-contents
 create mode 100644 .Rproj.user/B3A5CC39/sources/s-6B6D2952/ED72944D-contents
 create mode 100644 .Rproj.user/B3A5CC39/sources/s-6B6D2952/EDCA1F10
 create mode 100644 .Rproj.user/B3A5CC39/sources/s-6B6D2952/EDCA1F10-contents
 create mode 100644 .Rproj.user/B3A5CC39/sources/s-6B6D2952/lock_file
 create mode 100644 .Rproj.user/B3A5CC39/sources/s-6B6D2952/restart_file
 create mode 100644 .Rproj.user/shared/notebooks/6C212123-heterogeneity_comparison/1/B3A5CC39511DE777/chunks.json
 create mode 100644 .Rproj.user/shared/notebooks/6C212123-heterogeneity_comparison/1/s/c0vn48jy002kt/000004.csv
 create mode 100644 .Rproj.user/shared/notebooks/6C212123-heterogeneity_comparison/1/s/c0vn48jy002kt/000005.error
 create mode 100644 .Rproj.user/shared/notebooks/6C212123-heterogeneity_comparison/1/s/cdo2kel1qa9dp/000003.metadata
 create mode 100644 .Rproj.user/shared/notebooks/6C212123-heterogeneity_comparison/1/s/cdo2kel1qa9dp/000003.rdf
 create mode 100644 .Rproj.user/shared/notebooks/6C212123-heterogeneity_comparison/1/s/cf3mlxqo2gx1r/00000a.csv
 create mode 100644 .Rproj.user/shared/notebooks/6C212123-heterogeneity_comparison/1/s/cf3mlxqo2gx1r/00000b.error
 create mode 100644 .Rproj.user/shared/notebooks/6C212123-heterogeneity_comparison/1/s/cgk4clpkhby9f/000002.csv
 create mode 100644 .Rproj.user/shared/notebooks/6C212123-heterogeneity_comparison/1/s/cgk4clpkhby9f/000003.error
 create mode 100644 .Rproj.user/shared/notebooks/6C212123-heterogeneity_comparison/1/s/cgz9c2vef2unu/000002.csv
 create mode 100644 .Rproj.user/shared/notebooks/6C212123-heterogeneity_comparison/1/s/cgz9c2vef2unu/000003.error
 create mode 100644 .Rproj.user/shared/notebooks/6C212123-heterogeneity_comparison/1/s/chunks.json
 create mode 100644 .Rproj.user/shared/notebooks/6C212123-heterogeneity_comparison/1/s/ciafvxqfuci4n/000027.metadata
 create mode 100644 .Rproj.user/shared/notebooks/6C212123-heterogeneity_comparison/1/s/ciafvxqfuci4n/000027.png
 create mode 100644 .Rproj.user/shared/notebooks/6C212123-heterogeneity_comparison/1/s/ciafvxqfuci4n/000027.snapshot
 create mode 100644 .Rproj.user/shared/notebooks/6C212123-heterogeneity_comparison/1/s/cmbbds3xlbc8l/000002.csv
 create mode 100644 .Rproj.user/shared/notebooks/6C212123-heterogeneity_comparison/1/s/cmbbds3xlbc8l/000003.error
 create mode 100644 .Rproj.user/shared/notebooks/6C212123-heterogeneity_comparison/1/s/cs9qhwhq849ru/00002b.metadata
 create mode 100644 .Rproj.user/shared/notebooks/6C212123-heterogeneity_comparison/1/s/cs9qhwhq849ru/00002b.rdf
 create mode 100644 .Rproj.user/shared/notebooks/6C212123-heterogeneity_comparison/1/s/csetup_chunk/000002.csv
 create mode 100644 .Rproj.user/shared/notebooks/6C212123-heterogeneity_comparison/1/s/ct2t1edued506/000004.csv
 create mode 100644 .Rproj.user/shared/notebooks/6C212123-heterogeneity_comparison/1/s/ct2t1edued506/000005.error
 create mode 100644 .Rproj.user/shared/notebooks/6C212123-heterogeneity_comparison/1/s/cvjj49k3goxdj/000004.csv
 create mode 100644 .Rproj.user/shared/notebooks/6C212123-heterogeneity_comparison/1/s/cvjj49k3goxdj/000005.error
 create mode 100644 .Rproj.user/shared/notebooks/patch-chunk-names
 create mode 100644 .Rproj.user/shared/notebooks/paths
 create mode 100644 code.Rproj
 create mode 100644 data_processing.R
 create mode 100644 heterogeneity_comparison.Rmd
 create mode 100644 heterogeneity_comparison.html
]0;~/Desktop/Senior Honors Thesis/codeliutianyideMacBook-Pro-2:code gr8lawrence$ git commit -m "initial commit"add .[Kcommit . -m "initial commit"[2P-m "Initial Commit"[5Ppush -u origin master[12Premote -vpush -u origin master
fatal: cannot run rpostback-askpass: No such file or directory
Username for 'https://github.com': gr8lawrence
fatal: cannot run rpostback-askpass: No such file or directory
Password for 'https://gr8lawrence@github.com': 
To https://github.com/gr8lawrence/seniorHT
 ! [rejected]        master -> master (fetch first)
error: failed to push some refs to 'https://github.com/gr8lawrence/seniorHT'
hint: Updates were rejected because the remote contains work that you do
hint: not have locally. This is usually caused by another repository pushing
hint: to the same ref. You may want to first integrate the remote changes
hint: (e.g., 'git pull ...') before pushing again.
hint: See the 'Note about fast-forwards' in 'git push --help' for details.
]0;~/Desktop/Senior Honors Thesis/codeliutianyideMacBook-Pro-2:code gr8lawrence$ git push -u origin master
To https://github.com/gr8lawrence/seniorHT
 ! [rejected]        master -> master (fetch first)
error: failed to push some refs to 'https://github.com/gr8lawrence/seniorHT'
hint: Updates were rejected because the remote contains work that you do
hint: not have locally. This is usually caused by another repository pushing
hint: to the same ref. You may want to first integrate the remote changes
hint: (e.g., 'git pull ...') before pushing again.
hint: See the 'Note about fast-forwards' in 'git push --help' for details.
]0;~/Desktop/Senior Honors Thesis/codeliutianyideMacBook-Pro-2:code gr8lawrence$ git push -u origin master[K[K[K[K[K[K[K[K[K[K[K[K[K[K[K[Khttps://github.com/gr8lawrence/seniorHT
To https://github.com/gr8lawrence/seniorHT
 ! [rejected]        master -> master (fetch first)
error: failed to push some refs to 'https://github.com/gr8lawrence/seniorHT'
hint: Updates were rejected because the remote contains work that you do
hint: not have locally. This is usually caused by another repository pushing
hint: to the same ref. You may want to first integrate the remote changes
hint: (e.g., 'git pull ...') before pushing again.
hint: See the 'Note about fast-forwards' in 'git push --help' for details.
]0;~/Desktop/Senior Honors Thesis/codeliutianyideMacBook-Pro-2:code gr8lawrence$ git pull https://github.com/gr8lawrence/seniorHT
warning: no common commits
remote: Enumerating objects: 3, done.[K
remote: Counting objects:  33% (1/3)   [Kremote: Counting objects:  66% (2/3)   [Kremote: Counting objects: 100% (3/3)   [Kremote: Counting objects: 100% (3/3), done.[K
remote: Compressing objects:  50% (1/2)   [Kremote: Compressing objects: 100% (2/2)   [Kremote: Compressing objects: 100% (2/2), done.[K
remote: Total 3 (delta 0), reused 0 (delta 0), pack-reused 0[K
Unpacking objects:  33% (1/3)   Unpacking objects:  66% (2/3)   Unpacking objects: 100% (3/3)   Unpacking objects: 100% (3/3), done.
From https://github.com/gr8lawrence/seniorHT
 * branch            HEAD       -> FETCH_HEAD
fatal: refusing to merge unrelated histories
]0;~/Desktop/Senior Honors Thesis/codeliutianyideMacBook-Pro-2:code gr8lawrence$ git pull https://github.com/gr8lawrence/seniorHTsh[C[C[C[C[C[C[C[C[C[C[C[C[C[C[C[C[C[C[C[C[C[C[C[C[C[C[C[C[C[C[C[C[C[C[C[C[C[C[C[C
To https://github.com/gr8lawrence/seniorHT
 ! [rejected]        master -> master (non-fast-forward)
error: failed to push some refs to 'https://github.com/gr8lawrence/seniorHT'
hint: Updates were rejected because the tip of your current branch is behind
hint: its remote counterpart. Integrate the remote changes (e.g.
hint: 'git pull ...') before pushing again.
hint: See the 'Note about fast-forwards' in 'git push --help' for details.
]0;~/Desktop/Senior Honors Thesis/codeliutianyideMacBook-Pro-2:code gr8lawrence$ clear
git add .